"/home/seb/ecam/robot/open-logic-main/src/base/vhdl/olo_base_pkg_array.vhd"
"/home/seb/ecam/robot/open-logic-main/src/base/vhdl/olo_base_pkg_attribute.vhd"
"/home/seb/ecam/robot/open-logic-main/src/base/vhdl/olo_base_pkg_math.vhd"
"/home/seb/ecam/robot/open-logic-main/src/base/vhdl/olo_base_pkg_logic.vhd"
"/home/seb/ecam/robot/open-logic-main/src/base/vhdl/olo_base_reset_gen.vhd"
"/home/seb/ecam/robot/open-logic-main/src/intf/vhdl/olo_intf_sync.vhd"
"/home/seb/ecam/robot/open-logic-main/src/base/vhdl/olo_base_strobe_gen.vhd"
"/home/seb/ecam/robot/open-logic-main/src/intf/vhdl/olo_intf_uart.vhd"
"/home/seb/ecam/robot/open-logic-main/src/base/vhdl/olo_base_ram_sdp.vhd"
"/home/seb/ecam/robot/open-logic-main/src/base/vhdl/olo_base_fifo_sync.vhd"
"/home/seb/ecam/robot/open-logic-main/src/base/vhdl/olo_base_pkg_array.vhd"
"/home/seb/ecam/robot/open-logic-main/src/base/vhdl/olo_base_pkg_attribute.vhd"
"/home/seb/ecam/robot/open-logic-main/src/base/vhdl/olo_base_pkg_math.vhd"
"/home/seb/ecam/robot/open-logic-main/src/base/vhdl/olo_base_pkg_logic.vhd"
"/home/seb/ecam/robot/open-logic-main/src/base/vhdl/olo_base_reset_gen.vhd"
"/home/seb/ecam/robot/open-logic-main/src/intf/vhdl/olo_intf_sync.vhd"
"/home/seb/ecam/robot/open-logic-main/src/base/vhdl/olo_base_strobe_gen.vhd"
"/home/seb/ecam/robot/open-logic-main/src/intf/vhdl/olo_intf_uart.vhd"
"/home/seb/ecam/robot/open-logic-main/src/base/vhdl/olo_base_ram_sdp.vhd"
"/home/seb/ecam/robot/open-logic-main/src/base/vhdl/olo_base_fifo_sync.vhd"
